/home/yusaku/acoustic-powder-monitoring/.venv/lib/python3.10/site-packages/joblib/_multiprocessing_helpers.py:44: UserWarning: [Errno 13] Permission denied.  joblib will operate in serial mode
  warnings.warn("%s.  joblib will operate in serial mode" % (e,))
--- Monotone Threshold Pseudo-Stopping Analysis (exp3) ---

[Citricacid] Model loaded. x_knots range: [10.9, 245.0] um
  Target=20 um -> theta_AE=28.2608 mV²
    1st: n=24, unreach
    2nd: n=29, unreach
    3rd: n=27, unreach
  Saved: exp3_pseudostop_Citricacid_20um.png
  Target=50 um -> theta_AE=166.3051 mV²
    1st: n=14, k*=12
    2nd: n=17, k*=15
    3rd: n=15, k*=13
  Saved: exp3_pseudostop_Citricacid_50um.png
  Target=100 um -> theta_AE=428.0250 mV²
    1st: n=8, k*=7
    2nd: n=8, k*=7
    3rd: n=8, k*=7
  Saved: exp3_pseudostop_Citricacid_100um.png

[MSG] Model loaded. x_knots range: [37.2, 316.3] um
  Target=50 um -> theta_AE=368.2933 mV²
    1st: n=25, k*=24
    2nd: n=25, unreach
    3rd: n=28, k*=27
  Saved: exp3_pseudostop_MSG_50um.png
  Target=100 um -> theta_AE=626.1226 mV²
    1st: n=12, k*=11
    2nd: n=12, k*=11
    3rd: n=12, k*=11
  Saved: exp3_pseudostop_MSG_100um.png
  Target=200 um -> theta_AE=1047.0298 mV²
    1st: n=9, k*=8
    2nd: n=8, k*=7
    3rd: n=8, k*=7
  Saved: exp3_pseudostop_MSG_200um.png

[NaCl] Model loaded. x_knots range: [103.2, 317.4] um
  Target=150 um -> theta_AE=53.2378 mV²
    1st: n=20, k*=15
    2nd: n=24, k*=21
    3rd: n=22, k*=18
  Saved: exp3_pseudostop_NaCl_150um.png
  Target=200 um -> theta_AE=89.2942 mV²
    1st: n=13, k*=12
    2nd: n=13, k*=12
    3rd: n=13, k*=12
  Saved: exp3_pseudostop_NaCl_200um.png
  Target=250 um -> theta_AE=143.8717 mV²
    1st: n=9, k*=8
    2nd: n=8, k*=7
    3rd: n=8, k*=7
  Saved: exp3_pseudostop_NaCl_250um.png

Summary CSV saved to: model_comparison/monotonic/exp3_pseudostop_summary.csv
  Material  Target_D50 Trial  theta_mono  reachable    cross_type  k_star  S_AE_at_k_star    min_S_AE      margin  n_cycles  Measured_D50
Citricacid          20   1st   28.260819      False       unreach     NaN             NaN   36.264584    8.003765        24     21.272009
Citricacid          20   2nd   28.260819      False       unreach     NaN             NaN   33.956529    5.695710        29     14.075905
Citricacid          20   3rd   28.260819      False       unreach     NaN             NaN   30.385246    2.124427        27     16.871954
Citricacid          50   1st  166.305093       True earlier_cross    12.0      164.146280  136.049175  -30.255918        14     46.069932
Citricacid          50   2nd  166.305093       True earlier_cross    15.0      160.078543  115.039328  -51.265765        17     31.445636
Citricacid          50   3rd  166.305093       True earlier_cross    13.0      157.545861  147.640476  -18.664617        15     37.328847
Citricacid         100   1st  428.024990       True    last_cross     7.0      362.428341  362.428341  -65.596649         8     83.236410
Citricacid         100   2nd  428.024990       True    last_cross     7.0      398.292112  398.292112  -29.732877         8    100.210290
Citricacid         100   3rd  428.024990       True    last_cross     7.0      396.399800  396.399800  -31.625190         8    111.582733
       MSG          50   1st  368.293350       True    last_cross    24.0      338.637040  338.637040  -29.656310        25     53.108302
       MSG          50   2nd  368.293350      False       unreach     NaN             NaN  370.077337    1.783988        25     54.937552
       MSG          50   3rd  368.293350       True    last_cross    27.0      351.680120  351.680120  -16.613229        28     50.079034
       MSG         100   1st  626.122625       True    last_cross    11.0      607.057719  607.057719  -19.064905        12    129.251265
       MSG         100   2nd  626.122625       True    last_cross    11.0      605.443473  605.443473  -20.679152        12    124.923817
       MSG         100   3rd  626.122625       True    last_cross    11.0      576.819373  576.819373  -49.303251        12    123.924933
       MSG         200   1st 1047.029761       True    last_cross     8.0      920.294606  920.294606 -126.735155         9    179.587870
       MSG         200   2nd 1047.029761       True    last_cross     7.0      934.488533  934.488533 -112.541228         8    203.290377
       MSG         200   3rd 1047.029761       True    last_cross     7.0     1041.988707 1041.988707   -5.041054         8    189.032872
      NaCl         150   1st   53.237779       True earlier_cross    15.0       51.765612   46.360897   -6.876882        20    133.362302
      NaCl         150   2nd   53.237779       True earlier_cross    21.0       50.066300   43.958924   -9.278855        24    123.806276
      NaCl         150   3rd   53.237779       True earlier_cross    18.0       53.121614   43.908117   -9.329662        22    139.812267
      NaCl         200   1st   89.294162       True    last_cross    12.0       86.143572   86.143572   -3.150591        13    196.069053
      NaCl         200   2nd   89.294162       True    last_cross    12.0       86.493386   86.493386   -2.800776        13    204.387531
      NaCl         200   3rd   89.294162       True    last_cross    12.0       83.875423   83.875423   -5.418740        13    189.501496
      NaCl         250   1st  143.871662       True    last_cross     8.0      127.721868  127.721868  -16.149794         9    223.631544
      NaCl         250   2nd  143.871662       True    last_cross     7.0      136.750402  136.750402   -7.121260         8    252.074230
      NaCl         250   3rd  143.871662       True    last_cross     7.0      134.177046  134.177046   -9.694616         8    238.221898
