2026-02-13 09:56:30.853460: I tensorflow/core/util/port.cc:113] oneDNN custom operations are on. You may see slightly different numerical results due to floating-point round-off errors from different computation orders. To turn them off, set the environment variable `TF_ENABLE_ONEDNN_OPTS=0`.
2026-02-13 09:56:30.873837: I external/local_tsl/tsl/cuda/cudart_stub.cc:32] Could not find cuda drivers on your machine, GPU will not be used.
2026-02-13 09:56:31.024263: I external/local_tsl/tsl/cuda/cudart_stub.cc:32] Could not find cuda drivers on your machine, GPU will not be used.
2026-02-13 09:56:31.248619: E external/local_xla/xla/stream_executor/cuda/cuda_fft.cc:479] Unable to register cuFFT factory: Attempting to register factory for plugin cuFFT when one has already been registered
2026-02-13 09:56:31.432784: E external/local_xla/xla/stream_executor/cuda/cuda_dnn.cc:10575] Unable to register cuDNN factory: Attempting to register factory for plugin cuDNN when one has already been registered
2026-02-13 09:56:31.434536: E external/local_xla/xla/stream_executor/cuda/cuda_blas.cc:1442] Unable to register cuBLAS factory: Attempting to register factory for plugin cuBLAS when one has already been registered
2026-02-13 09:56:31.684186: I tensorflow/core/platform/cpu_feature_guard.cc:210] This TensorFlow binary is optimized to use available CPU instructions in performance-critical operations.
To enable the following instructions: AVX2 AVX512F AVX512_VNNI AVX512_BF16 FMA, in other operations, rebuild TensorFlow with the appropriate compiler flags.
2026-02-13 09:56:34.440609: W tensorflow/compiler/tf2tensorrt/utils/py_utils.cc:38] TF-TRT Warning: Could not find TensorRT
/home/yusaku/acoustic-powder-monitoring/.venv/lib/python3.10/site-packages/joblib/_multiprocessing_helpers.py:44: UserWarning: [Errno 13] Permission denied.  joblib will operate in serial mode
  warnings.warn("%s.  joblib will operate in serial mode" % (e,))
/home/yusaku/acoustic-powder-monitoring/.venv/lib/python3.10/site-packages/gpflow/versions.py:1: UserWarning: pkg_resources is deprecated as an API. See https://setuptools.pypa.io/en/latest/pkg_resources.html. The pkg_resources package is slated for removal as early as 2025-11-30. Refrain from using this package or pin to Setuptools<81.
  import pkg_resources
--- Monotone-GP Threshold Pseudo-Stopping Analysis (exp3) ---
    K_SIGMA_AE = 0.0

[Citricacid] Monotone-GP model loaded.
  Target=20 um -> theta_AE=38.0262 mV² (mu=38.0262, sigma=13.0937)
  Target=50 um -> theta_AE=148.6611 mV² (mu=148.6611, sigma=13.9280)
  Target=100 um -> theta_AE=422.1606 mV² (mu=422.1606, sigma=17.4223)

[MSG] Monotone-GP model loaded.
  Target=50 um -> theta_AE=377.3889 mV² (mu=377.3889, sigma=42.4534)
  Target=100 um -> theta_AE=608.4714 mV² (mu=608.4714, sigma=62.1349)
  Target=200 um -> theta_AE=1064.9383 mV² (mu=1064.9383, sigma=56.7526)

[NaCl] Monotone-GP model loaded.
  Target=150 um -> theta_AE=46.8038 mV² (mu=46.8038, sigma=4.9237)
  Target=200 um -> theta_AE=88.2530 mV² (mu=88.2530, sigma=4.9814)
  Target=250 um -> theta_AE=142.1777 mV² (mu=142.1777, sigma=4.7724)

Saved summary: model_comparison/monotone_gp/exp3_monotone_gp_pseudostop_summary.csv
